<html>
<body>
<pre>
<h1>礦ision Build Log</h1>
<h2>Tool Versions:</h2>
IDE-Version: μVision V5.31.0.0
Copyright (C) 2020 ARM Ltd and ARM Germany GmbH. All rights reserved.
License Information:  ,  , LIC=47GU5-G3RFN-SBLEJ-UY9YR-BMK3M-X399M
 
Tool Versions:
Toolchain:       MDK-ARM Plus  Version: 5.31.0.0
Toolchain Path:  C:\Keil_v5\ARM\ARMCC\Bin
C Compiler:      Armcc.exe V5.06 update 6 (build 750)
Assembler:       Armasm.exe V5.06 update 6 (build 750)
Linker/Locator:  ArmLink.exe V5.06 update 6 (build 750)
Library Manager: ArmAr.exe V5.06 update 6 (build 750)
Hex Converter:   FromElf.exe V5.06 update 6 (build 750)
CPU DLL:         SARMCM3.DLL V5.31.0.0
Dialog DLL:      DARMSTM.DLL V1.68.0.0
Target DLL:      STLink\ST-LINKIII-KEIL_SWO.dll V3.0.7.0
Dialog DLL:      TARMSTM.DLL V1.66.0.0
 
<h2>Project:</h2>
C:\Users\Admin\Downloads\MAX30102心率模块（黑色）MK969\测试程序\MH-ET LIVE MAX30102 STM32\STM32F103C8T6\MAX30102_uvision5_stm32f103c8\Nucleo_MAX30102\Nucleo_MAX30102.uvprojx
Project File Date:  04/12/2022

<h2>Output:</h2>
*** Using Compiler 'V5.06 update 6 (build 750)', folder: 'C:\Keil_v5\ARM\ARMCC\Bin'
Rebuild target 'Nucleo_MAX30102'
compiling main.cpp...
mbed-STM32F103C8T6\PinNames.h(152): warning:  #1-D: last line of file ends without a newline
  #endif
mbed-STM32F103C8T6\SysClockConf.h(2): warning:  #1-D: last line of file ends without a newline
  void confSysClock(void);
algorithm\algorithm.h(100): warning:  #1-D: last line of file ends without a newline
  #endif /* ALGORITHM_H_ */
MAX30102\MAX30102.h(97): warning:  #1-D: last line of file ends without a newline
  #endif /* MAX30102_H_ */
main.cpp(199): warning:  #1-D: last line of file ends without a newline
   
main.cpp: 5 warnings, 0 errors
compiling SysClockConf.cpp...
mbed-STM32F103C8T6/SysClockConf.h(2): warning:  #1-D: last line of file ends without a newline
  void confSysClock(void);
mbed-STM32F103C8T6\PinNames.h(152): warning:  #1-D: last line of file ends without a newline
  #endif
mbed-STM32F103C8T6/SysClockConf.cpp: 2 warnings, 0 errors
compiling MAX30102.cpp...
mbed-STM32F103C8T6\PinNames.h(152): warning:  #1-D: last line of file ends without a newline
  #endif
MAX30102/MAX30102.h(97): warning:  #1-D: last line of file ends without a newline
  #endif /* MAX30102_H_ */
MAX30102/MAX30102.cpp: 2 warnings, 0 errors
compiling algorithm.cpp...
mbed-STM32F103C8T6\PinNames.h(152): warning:  #1-D: last line of file ends without a newline
  #endif
algorithm/algorithm.h(100): warning:  #1-D: last line of file ends without a newline
  #endif /* ALGORITHM_H_ */
algorithm/algorithm.cpp: 2 warnings, 0 errors
linking...
Program Size: Code=34790 RO-data=2962 RW-data=120 ZI-data=17604  
FromELF: creating hex file...
".\BUILD\Nucleo_MAX30102.axf" - 0 Error(s), 11 Warning(s).

<h2>Software Packages used:</h2>

Package Vendor: Keil
                http://www.keil.com/pack/Keil.STM32F1xx_DFP.1.0.5.pack
                Keil.STM32F1xx_DFP.1.0.5
                STMicroelectronics STM32F1 Series Device Support, Drivers and Examples

<h2>Collection of Component include folders:</h2>
  C:\Users\Admin\AppData\Local\Arm\Packs\Keil\STM32F1xx_DFP\1.0.5\Device\Include

<h2>Collection of Component Files used:</h2>
Build Time Elapsed:  00:00:02
</pre>
</body>
</html>
